
=== city builders 11–15: all four orientations ===
ok: market_square, facing 0: returns matching buildingId
ok: market_square, facing 0: returns approved core bounds
ok: market_square, facing 0: core bounds stay out of canonical road bands
ok: market_square, facing 0: metadata preserves a two-block road link
ok: market_square, facing 0: returns rooms and roof specs
ok: market_square, facing 0: creates real blocks in the mock world
ok: market_square, facing 0: all 3510 placed blocks stay inside approved core bounds (0 outside)
ok: market_square, facing 0: local terrain preparation preserves neighbouring marker block
ok: market_square, facing 0: entry lower half is a real wooden door
ok: market_square, facing 0: entry upper half is a real wooden door
ok: market_square, facing 0: internal entry path is at least two blocks wide (2)
ok: market_square, facing 0: entry path has gravel at -33,6
ok: market_square, facing 0: entry path has gravel at -33,7
ok: market_square, facing 0: entry path has gravel at -33,8
ok: market_square, facing 0: entry path has gravel at -33,9
ok: market_square, facing 0: entry path has gravel at -33,10
ok: market_square, facing 0: entry path has gravel at -33,11
ok: market_square, facing 0: entry path has gravel at -32,6
ok: market_square, facing 0: entry path has gravel at -32,7
ok: market_square, facing 0: entry path has gravel at -32,8
ok: market_square, facing 0: entry path has gravel at -32,9
ok: market_square, facing 0: entry path has gravel at -32,10
ok: market_square, facing 0: entry path has gravel at -32,11
ok: market_square, facing 0: reserved approach to road axis is at least two blocks wide (2)
ok: market_square, facing 0: external approach remains free for future road integration
ok: market_square, facing 0: future npcAnchor is accessible air
ok: market_square, facing 0: exposes at least one future storage slot
ok: market_square, facing 0: exposes at least one workstation slot
ok: market_square, facing 0: exposes night-light slots
ok: market_square, facing 0: storage slot is minecraft:barrel
ok: market_square, facing 0: storage slot has adjacent walkable interior air
ok: market_square, facing 0: workstation slot is minecraft:composter
ok: market_square, facing 0: workstation slot has adjacent walkable interior air
ok: market_square, facing 0: light slot is a lantern
ok: market_square, facing 0: light slot is a lantern
ok: market_square, facing 0: light slot is a lantern
ok: market_square, facing 0: light slot is a lantern
ok: market_square, facing 0: light slot is a lantern
ok: market_square, facing 0: roof edge at -40,7 is a stair
ok: market_square, facing 0: roof edge at -40,7 faces outward (north)
ok: market_square, facing 0: roof edge at -40,9 is a stair
ok: market_square, facing 0: roof edge at -40,9 faces outward (south)
ok: market_square, facing 0: roof edge at -36,7 is a stair
ok: market_square, facing 0: roof edge at -36,7 faces outward (north)
ok: market_square, facing 0: roof edge at -36,9 is a stair
ok: market_square, facing 0: roof edge at -36,9 faces outward (south)
ok: market_square, facing 0: roof edge at -32,7 is a stair
ok: market_square, facing 0: roof edge at -32,7 faces outward (north)
ok: market_square, facing 0: roof edge at -32,9 is a stair
ok: market_square, facing 0: roof edge at -32,9 faces outward (south)
ok: market_square, facing 0: roof edge at -40,17 is a stair
ok: market_square, facing 0: roof edge at -40,17 faces outward (north)
ok: market_square, facing 0: roof edge at -40,19 is a stair
ok: market_square, facing 0: roof edge at -40,19 faces outward (south)
ok: market_square, facing 0: roof edge at -36,17 is a stair
ok: market_square, facing 0: roof edge at -36,17 faces outward (north)
ok: market_square, facing 0: roof edge at -36,19 is a stair
ok: market_square, facing 0: roof edge at -36,19 faces outward (south)
ok: market_square, facing 0: roof edge at -32,17 is a stair
ok: market_square, facing 0: roof edge at -32,17 faces outward (north)
ok: market_square, facing 0: roof edge at -32,19 is a stair
ok: market_square, facing 0: roof edge at -32,19 faces outward (south)
ok: market_square, facing 0: roof edge at -32,11 is a stair
ok: market_square, facing 0: roof edge at -32,11 faces outward (north)
ok: market_square, facing 0: roof edge at -32,16 is a stair
ok: market_square, facing 0: roof edge at -32,16 faces outward (south)
ok: market_square, facing 0: market correctly has no residential bed slot
ok: granary_yard, facing 0: returns matching buildingId
ok: granary_yard, facing 0: returns approved core bounds
ok: granary_yard, facing 0: core bounds stay out of canonical road bands
ok: granary_yard, facing 0: metadata preserves a two-block road link
ok: granary_yard, facing 0: returns rooms and roof specs
ok: granary_yard, facing 0: creates real blocks in the mock world
ok: granary_yard, facing 0: all 9918 placed blocks stay inside approved core bounds (0 outside)
ok: granary_yard, facing 0: local terrain preparation preserves neighbouring marker block
ok: granary_yard, facing 0: entry lower half is a real wooden door
ok: granary_yard, facing 0: entry upper half is a real wooden door
ok: granary_yard, facing 0: internal entry path is at least two blocks wide (2)
ok: granary_yard, facing 0: entry path has gravel at 8,56
ok: granary_yard, facing 0: entry path has gravel at 8,57
ok: granary_yard, facing 0: entry path has gravel at 9,56
ok: granary_yard, facing 0: entry path has gravel at 9,57
ok: granary_yard, facing 0: entry path has gravel at 10,56
ok: granary_yard, facing 0: entry path has gravel at 10,57
ok: granary_yard, facing 0: entry path has gravel at 11,56
ok: granary_yard, facing 0: entry path has gravel at 11,57
ok: granary_yard, facing 0: entry path has gravel at 12,56
ok: granary_yard, facing 0: entry path has gravel at 12,57
ok: granary_yard, facing 0: reserved approach to road axis is at least two blocks wide (2)
ok: granary_yard, facing 0: external approach remains free for future road integration
ok: granary_yard, facing 0: future npcAnchor is accessible air
ok: granary_yard, facing 0: exposes at least one future storage slot
ok: granary_yard, facing 0: exposes at least one workstation slot
ok: granary_yard, facing 0: exposes night-light slots
ok: granary_yard, facing 0: bed slot is a real bed
ok: granary_yard, facing 0: bed slot has adjacent walkable interior air
ok: granary_yard, facing 0: storage slot is minecraft:barrel
ok: granary_yard, facing 0: storage slot has adjacent walkable interior air
ok: granary_yard, facing 0: storage slot is minecraft:chest
ok: granary_yard, facing 0: storage slot has adjacent walkable interior air
ok: granary_yard, facing 0: workstation slot is minecraft:composter
ok: granary_yard, facing 0: workstation slot has adjacent walkable interior air
ok: granary_yard, facing 0: light slot is a lantern
ok: granary_yard, facing 0: light slot is a lantern
ok: granary_yard, facing 0: light slot is a lantern
ok: granary_yard, facing 0: roof edge at 17,52 is a stair
ok: granary_yard, facing 0: roof edge at 17,52 faces outward (north)
ok: granary_yard, facing 0: roof edge at 17,62 is a stair
ok: granary_yard, facing 0: roof edge at 17,62 faces outward (south)
ok: granary_yard, facing 0: inhabited building includes future bed slots
ok: travellers_inn, facing 0: returns matching buildingId
ok: travellers_inn, facing 0: returns approved core bounds
ok: travellers_inn, facing 0: core bounds stay out of canonical road bands
ok: travellers_inn, facing 0: metadata preserves a two-block road link
ok: travellers_inn, facing 0: returns rooms and roof specs
ok: travellers_inn, facing 0: creates real blocks in the mock world
ok: travellers_inn, facing 0: all 12150 placed blocks stay inside approved core bounds (0 outside)
ok: travellers_inn, facing 0: local terrain preparation preserves neighbouring marker block
ok: travellers_inn, facing 0: entry lower half is a real wooden door
ok: travellers_inn, facing 0: entry upper half is a real wooden door
ok: travellers_inn, facing 0: internal entry path is at least two blocks wide (2)
ok: travellers_inn, facing 0: entry path has gravel at 50,-25
ok: travellers_inn, facing 0: entry path has gravel at 50,-24
ok: travellers_inn, facing 0: entry path has gravel at 50,-23
ok: travellers_inn, facing 0: entry path has gravel at 50,-22
ok: travellers_inn, facing 0: entry path has gravel at 50,-21
ok: travellers_inn, facing 0: entry path has gravel at 50,-20
ok: travellers_inn, facing 0: entry path has gravel at 50,-19
ok: travellers_inn, facing 0: entry path has gravel at 50,-18
ok: travellers_inn, facing 0: entry path has gravel at 51,-25
ok: travellers_inn, facing 0: entry path has gravel at 51,-24
ok: travellers_inn, facing 0: entry path has gravel at 51,-23
ok: travellers_inn, facing 0: entry path has gravel at 51,-22
ok: travellers_inn, facing 0: entry path has gravel at 51,-21
ok: travellers_inn, facing 0: entry path has gravel at 51,-20
ok: travellers_inn, facing 0: entry path has gravel at 51,-19
ok: travellers_inn, facing 0: entry path has gravel at 51,-18
ok: travellers_inn, facing 0: reserved approach to road axis is at least two blocks wide (2)
ok: travellers_inn, facing 0: external approach remains free for future road integration
ok: travellers_inn, facing 0: future npcAnchor is accessible air
ok: travellers_inn, facing 0: exposes at least one future storage slot
ok: travellers_inn, facing 0: exposes at least one workstation slot
ok: travellers_inn, facing 0: exposes night-light slots
ok: travellers_inn, facing 0: bed slot is a real bed
ok: travellers_inn, facing 0: bed slot has adjacent walkable interior air
ok: travellers_inn, facing 0: bed slot is a real bed
ok: travellers_inn, facing 0: bed slot has adjacent walkable interior air
ok: travellers_inn, facing 0: bed slot is a real bed
ok: travellers_inn, facing 0: bed slot has adjacent walkable interior air
ok: travellers_inn, facing 0: bed slot is a real bed
ok: travellers_inn, facing 0: bed slot has adjacent walkable interior air
ok: travellers_inn, facing 0: storage slot is minecraft:barrel
ok: travellers_inn, facing 0: storage slot has adjacent walkable interior air
ok: travellers_inn, facing 0: storage slot is minecraft:chest
ok: travellers_inn, facing 0: storage slot has adjacent walkable interior air
ok: travellers_inn, facing 0: workstation slot is minecraft:furnace
ok: travellers_inn, facing 0: workstation slot has adjacent walkable interior air
ok: travellers_inn, facing 0: light slot is a lantern
ok: travellers_inn, facing 0: light slot is a lantern
ok: travellers_inn, facing 0: light slot is a lantern
ok: travellers_inn, facing 0: light slot is a lantern
ok: travellers_inn, facing 0: light slot is a lantern
ok: travellers_inn, facing 0: roof edge at 51,-37 is a stair
ok: travellers_inn, facing 0: roof edge at 51,-37 faces outward (north)
ok: travellers_inn, facing 0: roof edge at 51,-25 is a stair
ok: travellers_inn, facing 0: roof edge at 51,-25 faces outward (south)
ok: travellers_inn, facing 0: roof edge at 62,-38 is a stair
ok: travellers_inn, facing 0: roof edge at 62,-38 faces outward (north)
ok: travellers_inn, facing 0: roof edge at 62,-35 is a stair
ok: travellers_inn, facing 0: roof edge at 62,-35 faces outward (south)
ok: travellers_inn, facing 0: inhabited building includes future bed slots
ok: guard_barracks, facing 0: returns matching buildingId
ok: guard_barracks, facing 0: returns approved core bounds
ok: guard_barracks, facing 0: core bounds stay out of canonical road bands
ok: guard_barracks, facing 0: metadata preserves a two-block road link
ok: guard_barracks, facing 0: returns rooms and roof specs
ok: guard_barracks, facing 0: creates real blocks in the mock world
ok: guard_barracks, facing 0: all 9522 placed blocks stay inside approved core bounds (0 outside)
ok: guard_barracks, facing 0: local terrain preparation preserves neighbouring marker block
ok: guard_barracks, facing 0: entry lower half is a real wooden door
ok: guard_barracks, facing 0: entry upper half is a real wooden door
ok: guard_barracks, facing 0: internal entry path is at least two blocks wide (2)
ok: guard_barracks, facing 0: entry path has gravel at -57,-26
ok: guard_barracks, facing 0: entry path has gravel at -57,-25
ok: guard_barracks, facing 0: entry path has gravel at -57,-24
ok: guard_barracks, facing 0: entry path has gravel at -57,-23
ok: guard_barracks, facing 0: entry path has gravel at -57,-22
ok: guard_barracks, facing 0: entry path has gravel at -57,-21
ok: guard_barracks, facing 0: entry path has gravel at -57,-20
ok: guard_barracks, facing 0: entry path has gravel at -57,-19
ok: guard_barracks, facing 0: entry path has gravel at -57,-18
ok: guard_barracks, facing 0: entry path has gravel at -56,-26
ok: guard_barracks, facing 0: entry path has gravel at -56,-25
ok: guard_barracks, facing 0: entry path has gravel at -56,-24
ok: guard_barracks, facing 0: entry path has gravel at -56,-23
ok: guard_barracks, facing 0: entry path has gravel at -56,-22
ok: guard_barracks, facing 0: entry path has gravel at -56,-21
ok: guard_barracks, facing 0: entry path has gravel at -56,-20
ok: guard_barracks, facing 0: entry path has gravel at -56,-19
ok: guard_barracks, facing 0: entry path has gravel at -56,-18
ok: guard_barracks, facing 0: reserved approach to road axis is at least two blocks wide (2)
ok: guard_barracks, facing 0: external approach remains free for future road integration
ok: guard_barracks, facing 0: future npcAnchor is accessible air
ok: guard_barracks, facing 0: exposes at least one future storage slot
ok: guard_barracks, facing 0: exposes at least one workstation slot
ok: guard_barracks, facing 0: exposes night-light slots
ok: guard_barracks, facing 0: bed slot is a real bed
ok: guard_barracks, facing 0: bed slot has adjacent walkable interior air
ok: guard_barracks, facing 0: bed slot is a real bed
ok: guard_barracks, facing 0: bed slot has adjacent walkable interior air
ok: guard_barracks, facing 0: bed slot is a real bed
ok: guard_barracks, facing 0: bed slot has adjacent walkable interior air
ok: guard_barracks, facing 0: bed slot is a real bed
ok: guard_barracks, facing 0: bed slot has adjacent walkable interior air
ok: guard_barracks, facing 0: storage slot is minecraft:barrel
ok: guard_barracks, facing 0: storage slot has adjacent walkable interior air
ok: guard_barracks, facing 0: storage slot is minecraft:chest
ok: guard_barracks, facing 0: storage slot has adjacent walkable interior air
ok: guard_barracks, facing 0: workstation slot is minecraft:grindstone
ok: guard_barracks, facing 0: workstation slot has adjacent walkable interior air
ok: guard_barracks, facing 0: workstation slot is minecraft:smithing_table
ok: guard_barracks, facing 0: workstation slot has adjacent walkable interior air
ok: guard_barracks, facing 0: light slot is a lantern
ok: guard_barracks, facing 0: light slot is a lantern
ok: guard_barracks, facing 0: light slot is a lantern
ok: guard_barracks, facing 0: light slot is a lantern
ok: guard_barracks, facing 0: light slot is a lantern
ok: guard_barracks, facing 0: roof edge at -56,-37 is a stair
ok: guard_barracks, facing 0: roof edge at -56,-37 faces outward (north)
ok: guard_barracks, facing 0: roof edge at -56,-26 is a stair
ok: guard_barracks, facing 0: roof edge at -56,-26 faces outward (south)
ok: guard_barracks, facing 0: inhabited building includes future bed slots
ok: village_archive, facing 0: returns matching buildingId
ok: village_archive, facing 0: returns approved core bounds
ok: village_archive, facing 0: core bounds stay out of canonical road bands
ok: village_archive, facing 0: metadata preserves a two-block road link
ok: village_archive, facing 0: returns rooms and roof specs
ok: village_archive, facing 0: creates real blocks in the mock world
ok: village_archive, facing 0: all 4590 placed blocks stay inside approved core bounds (0 outside)
ok: village_archive, facing 0: local terrain preparation preserves neighbouring marker block
ok: village_archive, facing 0: entry lower half is a real wooden door
ok: village_archive, facing 0: entry upper half is a real wooden door
ok: village_archive, facing 0: internal entry path is at least two blocks wide (2)
ok: village_archive, facing 0: entry path has gravel at -7,54
ok: village_archive, facing 0: entry path has gravel at -7,55
ok: village_archive, facing 0: entry path has gravel at -6,54
ok: village_archive, facing 0: entry path has gravel at -6,55
ok: village_archive, facing 0: entry path has gravel at -5,54
ok: village_archive, facing 0: entry path has gravel at -5,55
ok: village_archive, facing 0: entry path has gravel at -4,54
ok: village_archive, facing 0: entry path has gravel at -4,55
ok: village_archive, facing 0: reserved approach to road axis is at least two blocks wide (2)
ok: village_archive, facing 0: external approach remains free for future road integration
ok: village_archive, facing 0: future npcAnchor is accessible air
ok: village_archive, facing 0: exposes at least one future storage slot
ok: village_archive, facing 0: exposes at least one workstation slot
ok: village_archive, facing 0: exposes night-light slots
ok: village_archive, facing 0: bed slot is a real bed
ok: village_archive, facing 0: bed slot has adjacent walkable interior air
ok: village_archive, facing 0: storage slot is minecraft:chest
ok: village_archive, facing 0: storage slot has adjacent walkable interior air
ok: village_archive, facing 0: workstation slot is minecraft:lectern
ok: village_archive, facing 0: workstation slot has adjacent walkable interior air
ok: village_archive, facing 0: workstation slot is minecraft:cartography_table
ok: village_archive, facing 0: workstation slot has adjacent walkable interior air
ok: village_archive, facing 0: light slot is a lantern
ok: village_archive, facing 0: light slot is a lantern
ok: village_archive, facing 0: light slot is a lantern
ok: village_archive, facing 0: roof edge at -11,50 is a stair
ok: village_archive, facing 0: roof edge at -11,50 faces outward (north)
ok: village_archive, facing 0: roof edge at -11,60 is a stair
ok: village_archive, facing 0: roof edge at -11,60 faces outward (south)
ok: village_archive, facing 0: inhabited building includes future bed slots
ok: market_square, facing 1: returns matching buildingId
ok: market_square, facing 1: returns approved core bounds
ok: market_square, facing 1: core bounds stay out of canonical road bands
ok: market_square, facing 1: metadata preserves a two-block road link
ok: market_square, facing 1: returns rooms and roof specs
ok: market_square, facing 1: creates real blocks in the mock world
ok: market_square, facing 1: all 3510 placed blocks stay inside approved core bounds (0 outside)
ok: market_square, facing 1: local terrain preparation preserves neighbouring marker block
ok: market_square, facing 1: entry lower half is a real wooden door
ok: market_square, facing 1: entry upper half is a real wooden door
ok: market_square, facing 1: internal entry path is at least two blocks wide (2)
ok: market_square, facing 1: entry path has gravel at -33,6
ok: market_square, facing 1: entry path has gravel at -33,7
ok: market_square, facing 1: entry path has gravel at -33,8
ok: market_square, facing 1: entry path has gravel at -33,9
ok: market_square, facing 1: entry path has gravel at -33,10
ok: market_square, facing 1: entry path has gravel at -33,11
ok: market_square, facing 1: entry path has gravel at -32,6
ok: market_square, facing 1: entry path has gravel at -32,7
ok: market_square, facing 1: entry path has gravel at -32,8
ok: market_square, facing 1: entry path has gravel at -32,9
ok: market_square, facing 1: entry path has gravel at -32,10
ok: market_square, facing 1: entry path has gravel at -32,11
ok: market_square, facing 1: reserved approach to road axis is at least two blocks wide (2)
ok: market_square, facing 1: external approach remains free for future road integration
ok: market_square, facing 1: future npcAnchor is accessible air
ok: market_square, facing 1: exposes at least one future storage slot
ok: market_square, facing 1: exposes at least one workstation slot
ok: market_square, facing 1: exposes night-light slots
ok: market_square, facing 1: storage slot is minecraft:barrel
ok: market_square, facing 1: storage slot has adjacent walkable interior air
ok: market_square, facing 1: workstation slot is minecraft:composter
ok: market_square, facing 1: workstation slot has adjacent walkable interior air
ok: market_square, facing 1: light slot is a lantern
ok: market_square, facing 1: light slot is a lantern
ok: market_square, facing 1: light slot is a lantern
ok: market_square, facing 1: light slot is a lantern
ok: market_square, facing 1: light slot is a lantern
ok: market_square, facing 1: roof edge at -40,7 is a stair
ok: market_square, facing 1: roof edge at -40,7 faces outward (south)
ok: market_square, facing 1: roof edge at -40,9 is a stair
ok: market_square, facing 1: roof edge at -40,9 faces outward (north)
ok: market_square, facing 1: roof edge at -36,7 is a stair
ok: market_square, facing 1: roof edge at -36,7 faces outward (south)
ok: market_square, facing 1: roof edge at -36,9 is a stair
ok: market_square, facing 1: roof edge at -36,9 faces outward (north)
ok: market_square, facing 1: roof edge at -32,7 is a stair
ok: market_square, facing 1: roof edge at -32,7 faces outward (south)
ok: market_square, facing 1: roof edge at -32,9 is a stair
ok: market_square, facing 1: roof edge at -32,9 faces outward (north)
ok: market_square, facing 1: roof edge at -40,17 is a stair
ok: market_square, facing 1: roof edge at -40,17 faces outward (south)
ok: market_square, facing 1: roof edge at -40,19 is a stair
ok: market_square, facing 1: roof edge at -40,19 faces outward (north)
ok: market_square, facing 1: roof edge at -36,17 is a stair
ok: market_square, facing 1: roof edge at -36,17 faces outward (south)
ok: market_square, facing 1: roof edge at -36,19 is a stair
ok: market_square, facing 1: roof edge at -36,19 faces outward (north)
ok: market_square, facing 1: roof edge at -32,17 is a stair
ok: market_square, facing 1: roof edge at -32,17 faces outward (south)
ok: market_square, facing 1: roof edge at -32,19 is a stair
ok: market_square, facing 1: roof edge at -32,19 faces outward (north)
ok: market_square, facing 1: roof edge at -32,11 is a stair
ok: market_square, facing 1: roof edge at -32,11 faces outward (south)
ok: market_square, facing 1: roof edge at -32,16 is a stair
ok: market_square, facing 1: roof edge at -32,16 faces outward (north)
ok: market_square, facing 1: market correctly has no residential bed slot
ok: granary_yard, facing 1: returns matching buildingId
ok: granary_yard, facing 1: returns approved core bounds
ok: granary_yard, facing 1: core bounds stay out of canonical road bands
ok: granary_yard, facing 1: metadata preserves a two-block road link
ok: granary_yard, facing 1: returns rooms and roof specs
ok: granary_yard, facing 1: creates real blocks in the mock world
ok: granary_yard, facing 1: all 9918 placed blocks stay inside approved core bounds (0 outside)
ok: granary_yard, facing 1: local terrain preparation preserves neighbouring marker block
ok: granary_yard, facing 1: entry lower half is a real wooden door
ok: granary_yard, facing 1: entry upper half is a real wooden door
ok: granary_yard, facing 1: internal entry path is at least two blocks wide (2)
ok: granary_yard, facing 1: entry path has gravel at 8,56
ok: granary_yard, facing 1: entry path has gravel at 8,57
ok: granary_yard, facing 1: entry path has gravel at 9,56
ok: granary_yard, facing 1: entry path has gravel at 9,57
ok: granary_yard, facing 1: entry path has gravel at 10,56
ok: granary_yard, facing 1: entry path has gravel at 10,57
ok: granary_yard, facing 1: entry path has gravel at 11,56
ok: granary_yard, facing 1: entry path has gravel at 11,57
ok: granary_yard, facing 1: entry path has gravel at 12,56
ok: granary_yard, facing 1: entry path has gravel at 12,57
ok: granary_yard, facing 1: reserved approach to road axis is at least two blocks wide (2)
ok: granary_yard, facing 1: external approach remains free for future road integration
ok: granary_yard, facing 1: future npcAnchor is accessible air
ok: granary_yard, facing 1: exposes at least one future storage slot
ok: granary_yard, facing 1: exposes at least one workstation slot
ok: granary_yard, facing 1: exposes night-light slots
ok: granary_yard, facing 1: bed slot is a real bed
ok: granary_yard, facing 1: bed slot has adjacent walkable interior air
ok: granary_yard, facing 1: storage slot is minecraft:barrel
ok: granary_yard, facing 1: storage slot has adjacent walkable interior air
ok: granary_yard, facing 1: storage slot is minecraft:chest
ok: granary_yard, facing 1: storage slot has adjacent walkable interior air
ok: granary_yard, facing 1: workstation slot is minecraft:composter
ok: granary_yard, facing 1: workstation slot has adjacent walkable interior air
ok: granary_yard, facing 1: light slot is a lantern
ok: granary_yard, facing 1: light slot is a lantern
ok: granary_yard, facing 1: light slot is a lantern
ok: granary_yard, facing 1: roof edge at 17,52 is a stair
ok: granary_yard, facing 1: roof edge at 17,52 faces outward (south)
ok: granary_yard, facing 1: roof edge at 17,62 is a stair
ok: granary_yard, facing 1: roof edge at 17,62 faces outward (north)
ok: granary_yard, facing 1: inhabited building includes future bed slots
ok: travellers_inn, facing 1: returns matching buildingId
ok: travellers_inn, facing 1: returns approved core bounds
ok: travellers_inn, facing 1: core bounds stay out of canonical road bands
ok: travellers_inn, facing 1: metadata preserves a two-block road link
ok: travellers_inn, facing 1: returns rooms and roof specs
ok: travellers_inn, facing 1: creates real blocks in the mock world
ok: travellers_inn, facing 1: all 12150 placed blocks stay inside approved core bounds (0 outside)
ok: travellers_inn, facing 1: local terrain preparation preserves neighbouring marker block
ok: travellers_inn, facing 1: entry lower half is a real wooden door
ok: travellers_inn, facing 1: entry upper half is a real wooden door
ok: travellers_inn, facing 1: internal entry path is at least two blocks wide (2)
ok: travellers_inn, facing 1: entry path has gravel at 50,-25
ok: travellers_inn, facing 1: entry path has gravel at 50,-24
ok: travellers_inn, facing 1: entry path has gravel at 50,-23
ok: travellers_inn, facing 1: entry path has gravel at 50,-22
ok: travellers_inn, facing 1: entry path has gravel at 50,-21
ok: travellers_inn, facing 1: entry path has gravel at 50,-20
ok: travellers_inn, facing 1: entry path has gravel at 50,-19
ok: travellers_inn, facing 1: entry path has gravel at 50,-18
ok: travellers_inn, facing 1: entry path has gravel at 51,-25
ok: travellers_inn, facing 1: entry path has gravel at 51,-24
ok: travellers_inn, facing 1: entry path has gravel at 51,-23
ok: travellers_inn, facing 1: entry path has gravel at 51,-22
ok: travellers_inn, facing 1: entry path has gravel at 51,-21
ok: travellers_inn, facing 1: entry path has gravel at 51,-20
ok: travellers_inn, facing 1: entry path has gravel at 51,-19
ok: travellers_inn, facing 1: entry path has gravel at 51,-18
ok: travellers_inn, facing 1: reserved approach to road axis is at least two blocks wide (2)
ok: travellers_inn, facing 1: external approach remains free for future road integration
ok: travellers_inn, facing 1: future npcAnchor is accessible air
ok: travellers_inn, facing 1: exposes at least one future storage slot
ok: travellers_inn, facing 1: exposes at least one workstation slot
ok: travellers_inn, facing 1: exposes night-light slots
ok: travellers_inn, facing 1: bed slot is a real bed
ok: travellers_inn, facing 1: bed slot has adjacent walkable interior air
ok: travellers_inn, facing 1: bed slot is a real bed
ok: travellers_inn, facing 1: bed slot has adjacent walkable interior air
ok: travellers_inn, facing 1: bed slot is a real bed
ok: travellers_inn, facing 1: bed slot has adjacent walkable interior air
ok: travellers_inn, facing 1: bed slot is a real bed
ok: travellers_inn, facing 1: bed slot has adjacent walkable interior air
ok: travellers_inn, facing 1: storage slot is minecraft:barrel
ok: travellers_inn, facing 1: storage slot has adjacent walkable interior air
ok: travellers_inn, facing 1: storage slot is minecraft:chest
ok: travellers_inn, facing 1: storage slot has adjacent walkable interior air
ok: travellers_inn, facing 1: workstation slot is minecraft:furnace
ok: travellers_inn, facing 1: workstation slot has adjacent walkable interior air
ok: travellers_inn, facing 1: light slot is a lantern
ok: travellers_inn, facing 1: light slot is a lantern
ok: travellers_inn, facing 1: light slot is a lantern
ok: travellers_inn, facing 1: light slot is a lantern
ok: travellers_inn, facing 1: light slot is a lantern
ok: travellers_inn, facing 1: roof edge at 51,-37 is a stair
ok: travellers_inn, facing 1: roof edge at 51,-37 faces outward (south)
ok: travellers_inn, facing 1: roof edge at 51,-25 is a stair
ok: travellers_inn, facing 1: roof edge at 51,-25 faces outward (north)
ok: travellers_inn, facing 1: roof edge at 62,-38 is a stair
ok: travellers_inn, facing 1: roof edge at 62,-38 faces outward (south)
ok: travellers_inn, facing 1: roof edge at 62,-35 is a stair
ok: travellers_inn, facing 1: roof edge at 62,-35 faces outward (north)
ok: travellers_inn, facing 1: inhabited building includes future bed slots
ok: guard_barracks, facing 1: returns matching buildingId
ok: guard_barracks, facing 1: returns approved core bounds
ok: guard_barracks, facing 1: core bounds stay out of canonical road bands
ok: guard_barracks, facing 1: metadata preserves a two-block road link
ok: guard_barracks, facing 1: returns rooms and roof specs
ok: guard_barracks, facing 1: creates real blocks in the mock world
ok: guard_barracks, facing 1: all 9522 placed blocks stay inside approved core bounds (0 outside)
ok: guard_barracks, facing 1: local terrain preparation preserves neighbouring marker block
ok: guard_barracks, facing 1: entry lower half is a real wooden door
ok: guard_barracks, facing 1: entry upper half is a real wooden door
ok: guard_barracks, facing 1: internal entry path is at least two blocks wide (2)
ok: guard_barracks, facing 1: entry path has gravel at -57,-26
ok: guard_barracks, facing 1: entry path has gravel at -57,-25
ok: guard_barracks, facing 1: entry path has gravel at -57,-24
ok: guard_barracks, facing 1: entry path has gravel at -57,-23
ok: guard_barracks, facing 1: entry path has gravel at -57,-22
ok: guard_barracks, facing 1: entry path has gravel at -57,-21
ok: guard_barracks, facing 1: entry path has gravel at -57,-20
ok: guard_barracks, facing 1: entry path has gravel at -57,-19
ok: guard_barracks, facing 1: entry path has gravel at -57,-18
ok: guard_barracks, facing 1: entry path has gravel at -56,-26
ok: guard_barracks, facing 1: entry path has gravel at -56,-25
ok: guard_barracks, facing 1: entry path has gravel at -56,-24
ok: guard_barracks, facing 1: entry path has gravel at -56,-23
ok: guard_barracks, facing 1: entry path has gravel at -56,-22
ok: guard_barracks, facing 1: entry path has gravel at -56,-21
ok: guard_barracks, facing 1: entry path has gravel at -56,-20
ok: guard_barracks, facing 1: entry path has gravel at -56,-19
ok: guard_barracks, facing 1: entry path has gravel at -56,-18
ok: guard_barracks, facing 1: reserved approach to road axis is at least two blocks wide (2)
ok: guard_barracks, facing 1: external approach remains free for future road integration
ok: guard_barracks, facing 1: future npcAnchor is accessible air
ok: guard_barracks, facing 1: exposes at least one future storage slot
ok: guard_barracks, facing 1: exposes at least one workstation slot
ok: guard_barracks, facing 1: exposes night-light slots
ok: guard_barracks, facing 1: bed slot is a real bed
ok: guard_barracks, facing 1: bed slot has adjacent walkable interior air
ok: guard_barracks, facing 1: bed slot is a real bed
ok: guard_barracks, facing 1: bed slot has adjacent walkable interior air
ok: guard_barracks, facing 1: bed slot is a real bed
ok: guard_barracks, facing 1: bed slot has adjacent walkable interior air
ok: guard_barracks, facing 1: bed slot is a real bed
ok: guard_barracks, facing 1: bed slot has adjacent walkable interior air
ok: guard_barracks, facing 1: storage slot is minecraft:barrel
ok: guard_barracks, facing 1: storage slot has adjacent walkable interior air
ok: guard_barracks, facing 1: storage slot is minecraft:chest
ok: guard_barracks, facing 1: storage slot has adjacent walkable interior air
ok: guard_barracks, facing 1: workstation slot is minecraft:grindstone
ok: guard_barracks, facing 1: workstation slot has adjacent walkable interior air
ok: guard_barracks, facing 1: workstation slot is minecraft:smithing_table
ok: guard_barracks, facing 1: workstation slot has adjacent walkable interior air
ok: guard_barracks, facing 1: light slot is a lantern
ok: guard_barracks, facing 1: light slot is a lantern
ok: guard_barracks, facing 1: light slot is a lantern
ok: guard_barracks, facing 1: light slot is a lantern
ok: guard_barracks, facing 1: light slot is a lantern
ok: guard_barracks, facing 1: roof edge at -56,-37 is a stair
ok: guard_barracks, facing 1: roof edge at -56,-37 faces outward (south)
ok: guard_barracks, facing 1: roof edge at -56,-26 is a stair
ok: guard_barracks, facing 1: roof edge at -56,-26 faces outward (north)
ok: guard_barracks, facing 1: inhabited building includes future bed slots
ok: village_archive, facing 1: returns matching buildingId
ok: village_archive, facing 1: returns approved core bounds
ok: village_archive, facing 1: core bounds stay out of canonical road bands
ok: village_archive, facing 1: metadata preserves a two-block road link
ok: village_archive, facing 1: returns rooms and roof specs
ok: village_archive, facing 1: creates real blocks in the mock world
ok: village_archive, facing 1: all 4590 placed blocks stay inside approved core bounds (0 outside)
ok: village_archive, facing 1: local terrain preparation preserves neighbouring marker block
ok: village_archive, facing 1: entry lower half is a real wooden door
ok: village_archive, facing 1: entry upper half is a real wooden door
ok: village_archive, facing 1: internal entry path is at least two blocks wide (2)
ok: village_archive, facing 1: entry path has gravel at -7,54
ok: village_archive, facing 1: entry path has gravel at -7,55
ok: village_archive, facing 1: entry path has gravel at -6,54
ok: village_archive, facing 1: entry path has gravel at -6,55
ok: village_archive, facing 1: entry path has gravel at -5,54
ok: village_archive, facing 1: entry path has gravel at -5,55
ok: village_archive, facing 1: entry path has gravel at -4,54
ok: village_archive, facing 1: entry path has gravel at -4,55
ok: village_archive, facing 1: reserved approach to road axis is at least two blocks wide (2)
ok: village_archive, facing 1: external approach remains free for future road integration
ok: village_archive, facing 1: future npcAnchor is accessible air
ok: village_archive, facing 1: exposes at least one future storage slot
ok: village_archive, facing 1: exposes at least one workstation slot
ok: village_archive, facing 1: exposes night-light slots
ok: village_archive, facing 1: bed slot is a real bed
ok: village_archive, facing 1: bed slot has adjacent walkable interior air
ok: village_archive, facing 1: storage slot is minecraft:chest
ok: village_archive, facing 1: storage slot has adjacent walkable interior air
ok: village_archive, facing 1: workstation slot is minecraft:lectern
ok: village_archive, facing 1: workstation slot has adjacent walkable interior air
ok: village_archive, facing 1: workstation slot is minecraft:cartography_table
ok: village_archive, facing 1: workstation slot has adjacent walkable interior air
ok: village_archive, facing 1: light slot is a lantern
ok: village_archive, facing 1: light slot is a lantern
ok: village_archive, facing 1: light slot is a lantern
ok: village_archive, facing 1: roof edge at -11,50 is a stair
ok: village_archive, facing 1: roof edge at -11,50 faces outward (south)
ok: village_archive, facing 1: roof edge at -11,60 is a stair
ok: village_archive, facing 1: roof edge at -11,60 faces outward (north)
ok: village_archive, facing 1: inhabited building includes future bed slots
ok: market_square, facing 2: returns matching buildingId
ok: market_square, facing 2: returns approved core bounds
ok: market_square, facing 2: core bounds stay out of canonical road bands
ok: market_square, facing 2: metadata preserves a two-block road link
ok: market_square, facing 2: returns rooms and roof specs
ok: market_square, facing 2: creates real blocks in the mock world
ok: market_square, facing 2: all 3510 placed blocks stay inside approved core bounds (0 outside)
ok: market_square, facing 2: local terrain preparation preserves neighbouring marker block
ok: market_square, facing 2: entry lower half is a real wooden door
ok: market_square, facing 2: entry upper half is a real wooden door
ok: market_square, facing 2: internal entry path is at least two blocks wide (2)
ok: market_square, facing 2: entry path has gravel at -33,6
ok: market_square, facing 2: entry path has gravel at -33,7
ok: market_square, facing 2: entry path has gravel at -33,8
ok: market_square, facing 2: entry path has gravel at -33,9
ok: market_square, facing 2: entry path has gravel at -33,10
ok: market_square, facing 2: entry path has gravel at -33,11
ok: market_square, facing 2: entry path has gravel at -32,6
ok: market_square, facing 2: entry path has gravel at -32,7
ok: market_square, facing 2: entry path has gravel at -32,8
ok: market_square, facing 2: entry path has gravel at -32,9
ok: market_square, facing 2: entry path has gravel at -32,10
ok: market_square, facing 2: entry path has gravel at -32,11
ok: market_square, facing 2: reserved approach to road axis is at least two blocks wide (2)
ok: market_square, facing 2: external approach remains free for future road integration
ok: market_square, facing 2: future npcAnchor is accessible air
ok: market_square, facing 2: exposes at least one future storage slot
ok: market_square, facing 2: exposes at least one workstation slot
ok: market_square, facing 2: exposes night-light slots
ok: market_square, facing 2: storage slot is minecraft:barrel
ok: market_square, facing 2: storage slot has adjacent walkable interior air
ok: market_square, facing 2: workstation slot is minecraft:composter
ok: market_square, facing 2: workstation slot has adjacent walkable interior air
ok: market_square, facing 2: light slot is a lantern
ok: market_square, facing 2: light slot is a lantern
ok: market_square, facing 2: light slot is a lantern
ok: market_square, facing 2: light slot is a lantern
ok: market_square, facing 2: light slot is a lantern
ok: market_square, facing 2: roof edge at -40,7 is a stair
ok: market_square, facing 2: roof edge at -40,7 faces outward (west)
ok: market_square, facing 2: roof edge at -40,9 is a stair
ok: market_square, facing 2: roof edge at -40,9 faces outward (east)
ok: market_square, facing 2: roof edge at -36,7 is a stair
ok: market_square, facing 2: roof edge at -36,7 faces outward (west)
ok: market_square, facing 2: roof edge at -36,9 is a stair
ok: market_square, facing 2: roof edge at -36,9 faces outward (east)
ok: market_square, facing 2: roof edge at -32,7 is a stair
ok: market_square, facing 2: roof edge at -32,7 faces outward (west)
ok: market_square, facing 2: roof edge at -32,9 is a stair
ok: market_square, facing 2: roof edge at -32,9 faces outward (east)
ok: market_square, facing 2: roof edge at -40,17 is a stair
ok: market_square, facing 2: roof edge at -40,17 faces outward (west)
ok: market_square, facing 2: roof edge at -40,19 is a stair
ok: market_square, facing 2: roof edge at -40,19 faces outward (east)
ok: market_square, facing 2: roof edge at -36,17 is a stair
ok: market_square, facing 2: roof edge at -36,17 faces outward (west)
ok: market_square, facing 2: roof edge at -36,19 is a stair
ok: market_square, facing 2: roof edge at -36,19 faces outward (east)
ok: market_square, facing 2: roof edge at -32,17 is a stair
ok: market_square, facing 2: roof edge at -32,17 faces outward (west)
ok: market_square, facing 2: roof edge at -32,19 is a stair
ok: market_square, facing 2: roof edge at -32,19 faces outward (east)
ok: market_square, facing 2: roof edge at -32,11 is a stair
ok: market_square, facing 2: roof edge at -32,11 faces outward (west)
ok: market_square, facing 2: roof edge at -32,16 is a stair
ok: market_square, facing 2: roof edge at -32,16 faces outward (east)
ok: market_square, facing 2: market correctly has no residential bed slot
ok: granary_yard, facing 2: returns matching buildingId
ok: granary_yard, facing 2: returns approved core bounds
ok: granary_yard, facing 2: core bounds stay out of canonical road bands
ok: granary_yard, facing 2: metadata preserves a two-block road link
ok: granary_yard, facing 2: returns rooms and roof specs
ok: granary_yard, facing 2: creates real blocks in the mock world
ok: granary_yard, facing 2: all 9918 placed blocks stay inside approved core bounds (0 outside)
ok: granary_yard, facing 2: local terrain preparation preserves neighbouring marker block
ok: granary_yard, facing 2: entry lower half is a real wooden door
ok: granary_yard, facing 2: entry upper half is a real wooden door
ok: granary_yard, facing 2: internal entry path is at least two blocks wide (2)
ok: granary_yard, facing 2: entry path has gravel at 8,56
ok: granary_yard, facing 2: entry path has gravel at 8,57
ok: granary_yard, facing 2: entry path has gravel at 9,56
ok: granary_yard, facing 2: entry path has gravel at 9,57
ok: granary_yard, facing 2: entry path has gravel at 10,56
ok: granary_yard, facing 2: entry path has gravel at 10,57
ok: granary_yard, facing 2: entry path has gravel at 11,56
ok: granary_yard, facing 2: entry path has gravel at 11,57
ok: granary_yard, facing 2: entry path has gravel at 12,56
ok: granary_yard, facing 2: entry path has gravel at 12,57
ok: granary_yard, facing 2: reserved approach to road axis is at least two blocks wide (2)
ok: granary_yard, facing 2: external approach remains free for future road integration
ok: granary_yard, facing 2: future npcAnchor is accessible air
ok: granary_yard, facing 2: exposes at least one future storage slot
ok: granary_yard, facing 2: exposes at least one workstation slot
ok: granary_yard, facing 2: exposes night-light slots
ok: granary_yard, facing 2: bed slot is a real bed
ok: granary_yard, facing 2: bed slot has adjacent walkable interior air
ok: granary_yard, facing 2: storage slot is minecraft:barrel
ok: granary_yard, facing 2: storage slot has adjacent walkable interior air
ok: granary_yard, facing 2: storage slot is minecraft:chest
ok: granary_yard, facing 2: storage slot has adjacent walkable interior air
ok: granary_yard, facing 2: workstation slot is minecraft:composter
ok: granary_yard, facing 2: workstation slot has adjacent walkable interior air
ok: granary_yard, facing 2: light slot is a lantern
ok: granary_yard, facing 2: light slot is a lantern
ok: granary_yard, facing 2: light slot is a lantern
ok: granary_yard, facing 2: roof edge at 17,52 is a stair
ok: granary_yard, facing 2: roof edge at 17,52 faces outward (west)
ok: granary_yard, facing 2: roof edge at 17,62 is a stair
ok: granary_yard, facing 2: roof edge at 17,62 faces outward (east)
ok: granary_yard, facing 2: inhabited building includes future bed slots
ok: travellers_inn, facing 2: returns matching buildingId
ok: travellers_inn, facing 2: returns approved core bounds
ok: travellers_inn, facing 2: core bounds stay out of canonical road bands
ok: travellers_inn, facing 2: metadata preserves a two-block road link
ok: travellers_inn, facing 2: returns rooms and roof specs
ok: travellers_inn, facing 2: creates real blocks in the mock world
ok: travellers_inn, facing 2: all 12150 placed blocks stay inside approved core bounds (0 outside)
ok: travellers_inn, facing 2: local terrain preparation preserves neighbouring marker block
ok: travellers_inn, facing 2: entry lower half is a real wooden door
ok: travellers_inn, facing 2: entry upper half is a real wooden door
ok: travellers_inn, facing 2: internal entry path is at least two blocks wide (2)
ok: travellers_inn, facing 2: entry path has gravel at 50,-25
ok: travellers_inn, facing 2: entry path has gravel at 50,-24
ok: travellers_inn, facing 2: entry path has gravel at 50,-23
ok: travellers_inn, facing 2: entry path has gravel at 50,-22
ok: travellers_inn, facing 2: entry path has gravel at 50,-21
ok: travellers_inn, facing 2: entry path has gravel at 50,-20
ok: travellers_inn, facing 2: entry path has gravel at 50,-19
ok: travellers_inn, facing 2: entry path has gravel at 50,-18
ok: travellers_inn, facing 2: entry path has gravel at 51,-25
ok: travellers_inn, facing 2: entry path has gravel at 51,-24
ok: travellers_inn, facing 2: entry path has gravel at 51,-23
ok: travellers_inn, facing 2: entry path has gravel at 51,-22
ok: travellers_inn, facing 2: entry path has gravel at 51,-21
ok: travellers_inn, facing 2: entry path has gravel at 51,-20
ok: travellers_inn, facing 2: entry path has gravel at 51,-19
ok: travellers_inn, facing 2: entry path has gravel at 51,-18
ok: travellers_inn, facing 2: reserved approach to road axis is at least two blocks wide (2)
ok: travellers_inn, facing 2: external approach remains free for future road integration
ok: travellers_inn, facing 2: future npcAnchor is accessible air
ok: travellers_inn, facing 2: exposes at least one future storage slot
ok: travellers_inn, facing 2: exposes at least one workstation slot
ok: travellers_inn, facing 2: exposes night-light slots
ok: travellers_inn, facing 2: bed slot is a real bed
ok: travellers_inn, facing 2: bed slot has adjacent walkable interior air
ok: travellers_inn, facing 2: bed slot is a real bed
ok: travellers_inn, facing 2: bed slot has adjacent walkable interior air
ok: travellers_inn, facing 2: bed slot is a real bed
ok: travellers_inn, facing 2: bed slot has adjacent walkable interior air
ok: travellers_inn, facing 2: bed slot is a real bed
ok: travellers_inn, facing 2: bed slot has adjacent walkable interior air
ok: travellers_inn, facing 2: storage slot is minecraft:barrel
ok: travellers_inn, facing 2: storage slot has adjacent walkable interior air
ok: travellers_inn, facing 2: storage slot is minecraft:chest
ok: travellers_inn, facing 2: storage slot has adjacent walkable interior air
ok: travellers_inn, facing 2: workstation slot is minecraft:furnace
ok: travellers_inn, facing 2: workstation slot has adjacent walkable interior air
ok: travellers_inn, facing 2: light slot is a lantern
ok: travellers_inn, facing 2: light slot is a lantern
ok: travellers_inn, facing 2: light slot is a lantern
ok: travellers_inn, facing 2: light slot is a lantern
ok: travellers_inn, facing 2: light slot is a lantern
ok: travellers_inn, facing 2: roof edge at 51,-37 is a stair
ok: travellers_inn, facing 2: roof edge at 51,-37 faces outward (west)
ok: travellers_inn, facing 2: roof edge at 51,-25 is a stair
ok: travellers_inn, facing 2: roof edge at 51,-25 faces outward (east)
ok: travellers_inn, facing 2: roof edge at 62,-38 is a stair
ok: travellers_inn, facing 2: roof edge at 62,-38 faces outward (west)
ok: travellers_inn, facing 2: roof edge at 62,-35 is a stair
ok: travellers_inn, facing 2: roof edge at 62,-35 faces outward (east)
ok: travellers_inn, facing 2: inhabited building includes future bed slots
ok: guard_barracks, facing 2: returns matching buildingId
ok: guard_barracks, facing 2: returns approved core bounds
ok: guard_barracks, facing 2: core bounds stay out of canonical road bands
ok: guard_barracks, facing 2: metadata preserves a two-block road link
ok: guard_barracks, facing 2: returns rooms and roof specs
ok: guard_barracks, facing 2: creates real blocks in the mock world
ok: guard_barracks, facing 2: all 9522 placed blocks stay inside approved core bounds (0 outside)
ok: guard_barracks, facing 2: local terrain preparation preserves neighbouring marker block
ok: guard_barracks, facing 2: entry lower half is a real wooden door
ok: guard_barracks, facing 2: entry upper half is a real wooden door
ok: guard_barracks, facing 2: internal entry path is at least two blocks wide (2)
ok: guard_barracks, facing 2: entry path has gravel at -57,-26
ok: guard_barracks, facing 2: entry path has gravel at -57,-25
ok: guard_barracks, facing 2: entry path has gravel at -57,-24
ok: guard_barracks, facing 2: entry path has gravel at -57,-23
ok: guard_barracks, facing 2: entry path has gravel at -57,-22
ok: guard_barracks, facing 2: entry path has gravel at -57,-21
ok: guard_barracks, facing 2: entry path has gravel at -57,-20
ok: guard_barracks, facing 2: entry path has gravel at -57,-19
ok: guard_barracks, facing 2: entry path has gravel at -57,-18
ok: guard_barracks, facing 2: entry path has gravel at -56,-26
ok: guard_barracks, facing 2: entry path has gravel at -56,-25
ok: guard_barracks, facing 2: entry path has gravel at -56,-24
ok: guard_barracks, facing 2: entry path has gravel at -56,-23
ok: guard_barracks, facing 2: entry path has gravel at -56,-22
ok: guard_barracks, facing 2: entry path has gravel at -56,-21
ok: guard_barracks, facing 2: entry path has gravel at -56,-20
ok: guard_barracks, facing 2: entry path has gravel at -56,-19
ok: guard_barracks, facing 2: entry path has gravel at -56,-18
ok: guard_barracks, facing 2: reserved approach to road axis is at least two blocks wide (2)
ok: guard_barracks, facing 2: external approach remains free for future road integration
ok: guard_barracks, facing 2: future npcAnchor is accessible air
ok: guard_barracks, facing 2: exposes at least one future storage slot
ok: guard_barracks, facing 2: exposes at least one workstation slot
ok: guard_barracks, facing 2: exposes night-light slots
ok: guard_barracks, facing 2: bed slot is a real bed
ok: guard_barracks, facing 2: bed slot has adjacent walkable interior air
ok: guard_barracks, facing 2: bed slot is a real bed
ok: guard_barracks, facing 2: bed slot has adjacent walkable interior air
ok: guard_barracks, facing 2: bed slot is a real bed
ok: guard_barracks, facing 2: bed slot has adjacent walkable interior air
ok: guard_barracks, facing 2: bed slot is a real bed
ok: guard_barracks, facing 2: bed slot has adjacent walkable interior air
ok: guard_barracks, facing 2: storage slot is minecraft:barrel
ok: guard_barracks, facing 2: storage slot has adjacent walkable interior air
ok: guard_barracks, facing 2: storage slot is minecraft:chest
ok: guard_barracks, facing 2: storage slot has adjacent walkable interior air
ok: guard_barracks, facing 2: workstation slot is minecraft:grindstone
ok: guard_barracks, facing 2: workstation slot has adjacent walkable interior air
ok: guard_barracks, facing 2: workstation slot is minecraft:smithing_table
ok: guard_barracks, facing 2: workstation slot has adjacent walkable interior air
ok: guard_barracks, facing 2: light slot is a lantern
ok: guard_barracks, facing 2: light slot is a lantern
ok: guard_barracks, facing 2: light slot is a lantern
ok: guard_barracks, facing 2: light slot is a lantern
ok: guard_barracks, facing 2: light slot is a lantern
ok: guard_barracks, facing 2: roof edge at -56,-37 is a stair
ok: guard_barracks, facing 2: roof edge at -56,-37 faces outward (west)
ok: guard_barracks, facing 2: roof edge at -56,-26 is a stair
ok: guard_barracks, facing 2: roof edge at -56,-26 faces outward (east)
ok: guard_barracks, facing 2: inhabited building includes future bed slots
ok: village_archive, facing 2: returns matching buildingId
ok: village_archive, facing 2: returns approved core bounds
ok: village_archive, facing 2: core bounds stay out of canonical road bands
ok: village_archive, facing 2: metadata preserves a two-block road link
ok: village_archive, facing 2: returns rooms and roof specs
ok: village_archive, facing 2: creates real blocks in the mock world
ok: village_archive, facing 2: all 4590 placed blocks stay inside approved core bounds (0 outside)
ok: village_archive, facing 2: local terrain preparation preserves neighbouring marker block
ok: village_archive, facing 2: entry lower half is a real wooden door
ok: village_archive, facing 2: entry upper half is a real wooden door
ok: village_archive, facing 2: internal entry path is at least two blocks wide (2)
ok: village_archive, facing 2: entry path has gravel at -7,54
ok: village_archive, facing 2: entry path has gravel at -7,55
ok: village_archive, facing 2: entry path has gravel at -6,54
ok: village_archive, facing 2: entry path has gravel at -6,55
ok: village_archive, facing 2: entry path has gravel at -5,54
ok: village_archive, facing 2: entry path has gravel at -5,55
ok: village_archive, facing 2: entry path has gravel at -4,54
ok: village_archive, facing 2: entry path has gravel at -4,55
ok: village_archive, facing 2: reserved approach to road axis is at least two blocks wide (2)
ok: village_archive, facing 2: external approach remains free for future road integration
ok: village_archive, facing 2: future npcAnchor is accessible air
ok: village_archive, facing 2: exposes at least one future storage slot
ok: village_archive, facing 2: exposes at least one workstation slot
ok: village_archive, facing 2: exposes night-light slots
ok: village_archive, facing 2: bed slot is a real bed
ok: village_archive, facing 2: bed slot has adjacent walkable interior air
ok: village_archive, facing 2: storage slot is minecraft:chest
ok: village_archive, facing 2: storage slot has adjacent walkable interior air
ok: village_archive, facing 2: workstation slot is minecraft:lectern
ok: village_archive, facing 2: workstation slot has adjacent walkable interior air
ok: village_archive, facing 2: workstation slot is minecraft:cartography_table
ok: village_archive, facing 2: workstation slot has adjacent walkable interior air
ok: village_archive, facing 2: light slot is a lantern
ok: village_archive, facing 2: light slot is a lantern
ok: village_archive, facing 2: light slot is a lantern
ok: village_archive, facing 2: roof edge at -11,50 is a stair
ok: village_archive, facing 2: roof edge at -11,50 faces outward (west)
ok: village_archive, facing 2: roof edge at -11,60 is a stair
ok: village_archive, facing 2: roof edge at -11,60 faces outward (east)
ok: village_archive, facing 2: inhabited building includes future bed slots
ok: market_square, facing 3: returns matching buildingId
ok: market_square, facing 3: returns approved core bounds
ok: market_square, facing 3: core bounds stay out of canonical road bands
ok: market_square, facing 3: metadata preserves a two-block road link
ok: market_square, facing 3: returns rooms and roof specs
ok: market_square, facing 3: creates real blocks in the mock world
ok: market_square, facing 3: all 3510 placed blocks stay inside approved core bounds (0 outside)
ok: market_square, facing 3: local terrain preparation preserves neighbouring marker block
ok: market_square, facing 3: entry lower half is a real wooden door
ok: market_square, facing 3: entry upper half is a real wooden door
ok: market_square, facing 3: internal entry path is at least two blocks wide (2)
ok: market_square, facing 3: entry path has gravel at -33,6
ok: market_square, facing 3: entry path has gravel at -33,7
ok: market_square, facing 3: entry path has gravel at -33,8
ok: market_square, facing 3: entry path has gravel at -33,9
ok: market_square, facing 3: entry path has gravel at -33,10
ok: market_square, facing 3: entry path has gravel at -33,11
ok: market_square, facing 3: entry path has gravel at -32,6
ok: market_square, facing 3: entry path has gravel at -32,7
ok: market_square, facing 3: entry path has gravel at -32,8
ok: market_square, facing 3: entry path has gravel at -32,9
ok: market_square, facing 3: entry path has gravel at -32,10
ok: market_square, facing 3: entry path has gravel at -32,11
ok: market_square, facing 3: reserved approach to road axis is at least two blocks wide (2)
ok: market_square, facing 3: external approach remains free for future road integration
ok: market_square, facing 3: future npcAnchor is accessible air
ok: market_square, facing 3: exposes at least one future storage slot
ok: market_square, facing 3: exposes at least one workstation slot
ok: market_square, facing 3: exposes night-light slots
ok: market_square, facing 3: storage slot is minecraft:barrel
ok: market_square, facing 3: storage slot has adjacent walkable interior air
ok: market_square, facing 3: workstation slot is minecraft:composter
ok: market_square, facing 3: workstation slot has adjacent walkable interior air
ok: market_square, facing 3: light slot is a lantern
ok: market_square, facing 3: light slot is a lantern
ok: market_square, facing 3: light slot is a lantern
ok: market_square, facing 3: light slot is a lantern
ok: market_square, facing 3: light slot is a lantern
ok: market_square, facing 3: roof edge at -40,7 is a stair
ok: market_square, facing 3: roof edge at -40,7 faces outward (east)
ok: market_square, facing 3: roof edge at -40,9 is a stair
ok: market_square, facing 3: roof edge at -40,9 faces outward (west)
ok: market_square, facing 3: roof edge at -36,7 is a stair
ok: market_square, facing 3: roof edge at -36,7 faces outward (east)
ok: market_square, facing 3: roof edge at -36,9 is a stair
ok: market_square, facing 3: roof edge at -36,9 faces outward (west)
ok: market_square, facing 3: roof edge at -32,7 is a stair
ok: market_square, facing 3: roof edge at -32,7 faces outward (east)
ok: market_square, facing 3: roof edge at -32,9 is a stair
ok: market_square, facing 3: roof edge at -32,9 faces outward (west)
ok: market_square, facing 3: roof edge at -40,17 is a stair
ok: market_square, facing 3: roof edge at -40,17 faces outward (east)
ok: market_square, facing 3: roof edge at -40,19 is a stair
ok: market_square, facing 3: roof edge at -40,19 faces outward (west)
ok: market_square, facing 3: roof edge at -36,17 is a stair
ok: market_square, facing 3: roof edge at -36,17 faces outward (east)
ok: market_square, facing 3: roof edge at -36,19 is a stair
ok: market_square, facing 3: roof edge at -36,19 faces outward (west)
ok: market_square, facing 3: roof edge at -32,17 is a stair
ok: market_square, facing 3: roof edge at -32,17 faces outward (east)
ok: market_square, facing 3: roof edge at -32,19 is a stair
ok: market_square, facing 3: roof edge at -32,19 faces outward (west)
ok: market_square, facing 3: roof edge at -32,11 is a stair
ok: market_square, facing 3: roof edge at -32,11 faces outward (east)
ok: market_square, facing 3: roof edge at -32,16 is a stair
ok: market_square, facing 3: roof edge at -32,16 faces outward (west)
ok: market_square, facing 3: market correctly has no residential bed slot
ok: granary_yard, facing 3: returns matching buildingId
ok: granary_yard, facing 3: returns approved core bounds
ok: granary_yard, facing 3: core bounds stay out of canonical road bands
ok: granary_yard, facing 3: metadata preserves a two-block road link
ok: granary_yard, facing 3: returns rooms and roof specs
ok: granary_yard, facing 3: creates real blocks in the mock world
ok: granary_yard, facing 3: all 9918 placed blocks stay inside approved core bounds (0 outside)
ok: granary_yard, facing 3: local terrain preparation preserves neighbouring marker block
ok: granary_yard, facing 3: entry lower half is a real wooden door
ok: granary_yard, facing 3: entry upper half is a real wooden door
ok: granary_yard, facing 3: internal entry path is at least two blocks wide (2)
ok: granary_yard, facing 3: entry path has gravel at 8,56
ok: granary_yard, facing 3: entry path has gravel at 8,57
ok: granary_yard, facing 3: entry path has gravel at 9,56
ok: granary_yard, facing 3: entry path has gravel at 9,57
ok: granary_yard, facing 3: entry path has gravel at 10,56
ok: granary_yard, facing 3: entry path has gravel at 10,57
ok: granary_yard, facing 3: entry path has gravel at 11,56
ok: granary_yard, facing 3: entry path has gravel at 11,57
ok: granary_yard, facing 3: entry path has gravel at 12,56
ok: granary_yard, facing 3: entry path has gravel at 12,57
ok: granary_yard, facing 3: reserved approach to road axis is at least two blocks wide (2)
ok: granary_yard, facing 3: external approach remains free for future road integration
ok: granary_yard, facing 3: future npcAnchor is accessible air
ok: granary_yard, facing 3: exposes at least one future storage slot
ok: granary_yard, facing 3: exposes at least one workstation slot
ok: granary_yard, facing 3: exposes night-light slots
ok: granary_yard, facing 3: bed slot is a real bed
ok: granary_yard, facing 3: bed slot has adjacent walkable interior air
ok: granary_yard, facing 3: storage slot is minecraft:barrel
ok: granary_yard, facing 3: storage slot has adjacent walkable interior air
ok: granary_yard, facing 3: storage slot is minecraft:chest
ok: granary_yard, facing 3: storage slot has adjacent walkable interior air
ok: granary_yard, facing 3: workstation slot is minecraft:composter
ok: granary_yard, facing 3: workstation slot has adjacent walkable interior air
ok: granary_yard, facing 3: light slot is a lantern
ok: granary_yard, facing 3: light slot is a lantern
ok: granary_yard, facing 3: light slot is a lantern
ok: granary_yard, facing 3: roof edge at 17,52 is a stair
ok: granary_yard, facing 3: roof edge at 17,52 faces outward (east)
ok: granary_yard, facing 3: roof edge at 17,62 is a stair
ok: granary_yard, facing 3: roof edge at 17,62 faces outward (west)
ok: granary_yard, facing 3: inhabited building includes future bed slots
ok: travellers_inn, facing 3: returns matching buildingId
ok: travellers_inn, facing 3: returns approved core bounds
ok: travellers_inn, facing 3: core bounds stay out of canonical road bands
ok: travellers_inn, facing 3: metadata preserves a two-block road link
ok: travellers_inn, facing 3: returns rooms and roof specs
ok: travellers_inn, facing 3: creates real blocks in the mock world
ok: travellers_inn, facing 3: all 12150 placed blocks stay inside approved core bounds (0 outside)
ok: travellers_inn, facing 3: local terrain preparation preserves neighbouring marker block
ok: travellers_inn, facing 3: entry lower half is a real wooden door
ok: travellers_inn, facing 3: entry upper half is a real wooden door
ok: travellers_inn, facing 3: internal entry path is at least two blocks wide (2)
ok: travellers_inn, facing 3: entry path has gravel at 50,-25
ok: travellers_inn, facing 3: entry path has gravel at 50,-24
ok: travellers_inn, facing 3: entry path has gravel at 50,-23
ok: travellers_inn, facing 3: entry path has gravel at 50,-22
ok: travellers_inn, facing 3: entry path has gravel at 50,-21
ok: travellers_inn, facing 3: entry path has gravel at 50,-20
ok: travellers_inn, facing 3: entry path has gravel at 50,-19
ok: travellers_inn, facing 3: entry path has gravel at 50,-18
ok: travellers_inn, facing 3: entry path has gravel at 51,-25
ok: travellers_inn, facing 3: entry path has gravel at 51,-24
ok: travellers_inn, facing 3: entry path has gravel at 51,-23
ok: travellers_inn, facing 3: entry path has gravel at 51,-22
ok: travellers_inn, facing 3: entry path has gravel at 51,-21
ok: travellers_inn, facing 3: entry path has gravel at 51,-20
ok: travellers_inn, facing 3: entry path has gravel at 51,-19
ok: travellers_inn, facing 3: entry path has gravel at 51,-18
ok: travellers_inn, facing 3: reserved approach to road axis is at least two blocks wide (2)
ok: travellers_inn, facing 3: external approach remains free for future road integration
ok: travellers_inn, facing 3: future npcAnchor is accessible air
ok: travellers_inn, facing 3: exposes at least one future storage slot
ok: travellers_inn, facing 3: exposes at least one workstation slot
ok: travellers_inn, facing 3: exposes night-light slots
ok: travellers_inn, facing 3: bed slot is a real bed
ok: travellers_inn, facing 3: bed slot has adjacent walkable interior air
ok: travellers_inn, facing 3: bed slot is a real bed
ok: travellers_inn, facing 3: bed slot has adjacent walkable interior air
ok: travellers_inn, facing 3: bed slot is a real bed
ok: travellers_inn, facing 3: bed slot has adjacent walkable interior air
ok: travellers_inn, facing 3: bed slot is a real bed
ok: travellers_inn, facing 3: bed slot has adjacent walkable interior air
ok: travellers_inn, facing 3: storage slot is minecraft:barrel
ok: travellers_inn, facing 3: storage slot has adjacent walkable interior air
ok: travellers_inn, facing 3: storage slot is minecraft:chest
ok: travellers_inn, facing 3: storage slot has adjacent walkable interior air
ok: travellers_inn, facing 3: workstation slot is minecraft:furnace
ok: travellers_inn, facing 3: workstation slot has adjacent walkable interior air
ok: travellers_inn, facing 3: light slot is a lantern
ok: travellers_inn, facing 3: light slot is a lantern
ok: travellers_inn, facing 3: light slot is a lantern
ok: travellers_inn, facing 3: light slot is a lantern
ok: travellers_inn, facing 3: light slot is a lantern
ok: travellers_inn, facing 3: roof edge at 51,-37 is a stair
ok: travellers_inn, facing 3: roof edge at 51,-37 faces outward (east)
ok: travellers_inn, facing 3: roof edge at 51,-25 is a stair
ok: travellers_inn, facing 3: roof edge at 51,-25 faces outward (west)
ok: travellers_inn, facing 3: roof edge at 62,-38 is a stair
ok: travellers_inn, facing 3: roof edge at 62,-38 faces outward (east)
ok: travellers_inn, facing 3: roof edge at 62,-35 is a stair
ok: travellers_inn, facing 3: roof edge at 62,-35 faces outward (west)
ok: travellers_inn, facing 3: inhabited building includes future bed slots
ok: guard_barracks, facing 3: returns matching buildingId
ok: guard_barracks, facing 3: returns approved core bounds
ok: guard_barracks, facing 3: core bounds stay out of canonical road bands
ok: guard_barracks, facing 3: metadata preserves a two-block road link
ok: guard_barracks, facing 3: returns rooms and roof specs
ok: guard_barracks, facing 3: creates real blocks in the mock world
ok: guard_barracks, facing 3: all 9522 placed blocks stay inside approved core bounds (0 outside)
ok: guard_barracks, facing 3: local terrain preparation preserves neighbouring marker block
ok: guard_barracks, facing 3: entry lower half is a real wooden door
ok: guard_barracks, facing 3: entry upper half is a real wooden door
ok: guard_barracks, facing 3: internal entry path is at least two blocks wide (2)
ok: guard_barracks, facing 3: entry path has gravel at -57,-26
ok: guard_barracks, facing 3: entry path has gravel at -57,-25
ok: guard_barracks, facing 3: entry path has gravel at -57,-24
ok: guard_barracks, facing 3: entry path has gravel at -57,-23
ok: guard_barracks, facing 3: entry path has gravel at -57,-22
ok: guard_barracks, facing 3: entry path has gravel at -57,-21
ok: guard_barracks, facing 3: entry path has gravel at -57,-20
ok: guard_barracks, facing 3: entry path has gravel at -57,-19
ok: guard_barracks, facing 3: entry path has gravel at -57,-18
ok: guard_barracks, facing 3: entry path has gravel at -56,-26
ok: guard_barracks, facing 3: entry path has gravel at -56,-25
ok: guard_barracks, facing 3: entry path has gravel at -56,-24
ok: guard_barracks, facing 3: entry path has gravel at -56,-23
ok: guard_barracks, facing 3: entry path has gravel at -56,-22
ok: guard_barracks, facing 3: entry path has gravel at -56,-21
ok: guard_barracks, facing 3: entry path has gravel at -56,-20
ok: guard_barracks, facing 3: entry path has gravel at -56,-19
ok: guard_barracks, facing 3: entry path has gravel at -56,-18
ok: guard_barracks, facing 3: reserved approach to road axis is at least two blocks wide (2)
ok: guard_barracks, facing 3: external approach remains free for future road integration
ok: guard_barracks, facing 3: future npcAnchor is accessible air
ok: guard_barracks, facing 3: exposes at least one future storage slot
ok: guard_barracks, facing 3: exposes at least one workstation slot
ok: guard_barracks, facing 3: exposes night-light slots
ok: guard_barracks, facing 3: bed slot is a real bed
ok: guard_barracks, facing 3: bed slot has adjacent walkable interior air
ok: guard_barracks, facing 3: bed slot is a real bed
ok: guard_barracks, facing 3: bed slot has adjacent walkable interior air
ok: guard_barracks, facing 3: bed slot is a real bed
ok: guard_barracks, facing 3: bed slot has adjacent walkable interior air
ok: guard_barracks, facing 3: bed slot is a real bed
ok: guard_barracks, facing 3: bed slot has adjacent walkable interior air
ok: guard_barracks, facing 3: storage slot is minecraft:barrel
ok: guard_barracks, facing 3: storage slot has adjacent walkable interior air
ok: guard_barracks, facing 3: storage slot is minecraft:chest
ok: guard_barracks, facing 3: storage slot has adjacent walkable interior air
ok: guard_barracks, facing 3: workstation slot is minecraft:grindstone
ok: guard_barracks, facing 3: workstation slot has adjacent walkable interior air
ok: guard_barracks, facing 3: workstation slot is minecraft:smithing_table
ok: guard_barracks, facing 3: workstation slot has adjacent walkable interior air
ok: guard_barracks, facing 3: light slot is a lantern
ok: guard_barracks, facing 3: light slot is a lantern
ok: guard_barracks, facing 3: light slot is a lantern
ok: guard_barracks, facing 3: light slot is a lantern
ok: guard_barracks, facing 3: light slot is a lantern
ok: guard_barracks, facing 3: roof edge at -56,-37 is a stair
ok: guard_barracks, facing 3: roof edge at -56,-37 faces outward (east)
ok: guard_barracks, facing 3: roof edge at -56,-26 is a stair
ok: guard_barracks, facing 3: roof edge at -56,-26 faces outward (west)
ok: guard_barracks, facing 3: inhabited building includes future bed slots
ok: village_archive, facing 3: returns matching buildingId
ok: village_archive, facing 3: returns approved core bounds
ok: village_archive, facing 3: core bounds stay out of canonical road bands
ok: village_archive, facing 3: metadata preserves a two-block road link
ok: village_archive, facing 3: returns rooms and roof specs
ok: village_archive, facing 3: creates real blocks in the mock world
ok: village_archive, facing 3: all 4590 placed blocks stay inside approved core bounds (0 outside)
ok: village_archive, facing 3: local terrain preparation preserves neighbouring marker block
ok: village_archive, facing 3: entry lower half is a real wooden door
ok: village_archive, facing 3: entry upper half is a real wooden door
ok: village_archive, facing 3: internal entry path is at least two blocks wide (2)
ok: village_archive, facing 3: entry path has gravel at -7,54
ok: village_archive, facing 3: entry path has gravel at -7,55
ok: village_archive, facing 3: entry path has gravel at -6,54
ok: village_archive, facing 3: entry path has gravel at -6,55
ok: village_archive, facing 3: entry path has gravel at -5,54
ok: village_archive, facing 3: entry path has gravel at -5,55
ok: village_archive, facing 3: entry path has gravel at -4,54
ok: village_archive, facing 3: entry path has gravel at -4,55
ok: village_archive, facing 3: reserved approach to road axis is at least two blocks wide (2)
ok: village_archive, facing 3: external approach remains free for future road integration
ok: village_archive, facing 3: future npcAnchor is accessible air
ok: village_archive, facing 3: exposes at least one future storage slot
ok: village_archive, facing 3: exposes at least one workstation slot
ok: village_archive, facing 3: exposes night-light slots
ok: village_archive, facing 3: bed slot is a real bed
ok: village_archive, facing 3: bed slot has adjacent walkable interior air
ok: village_archive, facing 3: storage slot is minecraft:chest
ok: village_archive, facing 3: storage slot has adjacent walkable interior air
ok: village_archive, facing 3: workstation slot is minecraft:lectern
ok: village_archive, facing 3: workstation slot has adjacent walkable interior air
ok: village_archive, facing 3: workstation slot is minecraft:cartography_table
ok: village_archive, facing 3: workstation slot has adjacent walkable interior air
ok: village_archive, facing 3: light slot is a lantern
ok: village_archive, facing 3: light slot is a lantern
ok: village_archive, facing 3: light slot is a lantern
ok: village_archive, facing 3: roof edge at -11,50 is a stair
ok: village_archive, facing 3: roof edge at -11,50 faces outward (east)
ok: village_archive, facing 3: roof edge at -11,60 is a stair
ok: village_archive, facing 3: roof edge at -11,60 faces outward (west)
ok: village_archive, facing 3: inhabited building includes future bed slots
ok: city builders spawn no NPCs or entities before integration

ALL CITY 11–15 TESTS PASSED (1093 checks)
